{
  "version": "1.5.0",
  "plugins_used": [
    {
      "name": "ArtifactoryDetector"
    },
    {
      "name": "AWSKeyDetector"
    },
    {
      "name": "AzureStorageKeyDetector"
    },
    {
      "name": "Base64HighEntropyString",
      "limit": 4.5
    },
    {
      "name": "BasicAuthDetector"
    },
    {
      "name": "CloudantDetector"
    },
    {
      "name": "DiscordBotTokenDetector"
    },
    {
      "name": "GitHubTokenDetector"
    },
    {
      "name": "GitLabTokenDetector"
    },
    {
      "name": "HexHighEntropyString",
      "limit": 3.0
    },
    {
      "name": "IbmCloudIamDetector"
    },
    {
      "name": "IbmCosHmacDetector"
    },
    {
      "name": "IPPublicDetector"
    },
    {
      "name": "JwtTokenDetector"
    },
    {
      "name": "KeywordDetector",
      "keyword_exclude": ""
    },
    {
      "name": "MailchimpDetector"
    },
    {
      "name": "NpmDetector"
    },
    {
      "name": "OpenAIDetector"
    },
    {
      "name": "PrivateKeyDetector"
    },
    {
      "name": "PypiTokenDetector"
    },
    {
      "name": "SendGridDetector"
    },
    {
      "name": "SlackDetector"
    },
    {
      "name": "SoftlayerDetector"
    },
    {
      "name": "SquareOAuthDetector"
    },
    {
      "name": "StripeDetector"
    },
    {
      "name": "TelegramBotTokenDetector"
    },
    {
      "name": "TwilioKeyDetector"
    }
  ],
  "filters_used": [
    {
      "path": "detect_secrets.filters.allowlist.is_line_allowlisted"
    },
    {
      "path": "detect_secrets.filters.common.is_baseline_file",
      "filename": ".secret.baseline"
    },
    {
      "path": "detect_secrets.filters.common.is_ignored_due_to_verification_policies",
      "min_level": 2
    },
    {
      "path": "detect_secrets.filters.heuristic.is_indirect_reference"
    },
    {
      "path": "detect_secrets.filters.heuristic.is_likely_id_string"
    },
    {
      "path": "detect_secrets.filters.heuristic.is_lock_file"
    },
    {
      "path": "detect_secrets.filters.heuristic.is_not_alphanumeric_string"
    },
    {
      "path": "detect_secrets.filters.heuristic.is_potential_uuid"
    },
    {
      "path": "detect_secrets.filters.heuristic.is_prefixed_with_dollar_sign"
    },
    {
      "path": "detect_secrets.filters.heuristic.is_sequential_string"
    },
    {
      "path": "detect_secrets.filters.heuristic.is_swagger_file"
    },
    {
      "path": "detect_secrets.filters.heuristic.is_templated_secret"
    },
    {
      "path": "detect_secrets.filters.regex.should_exclude_file",
      "pattern": [
        "(?:^tests/)|(?:^web/.*/migrations/)"
      ]
    }
  ],
  "results": {
    ".devcontainer/docker-compose.yml": [
      {
        "type": "Secret Keyword",
        "filename": ".devcontainer/docker-compose.yml",
        "hashed_secret": "cdb0e76c1a69873cbdcdbe0a142d56c023dc9f22",
        "is_verified": false,
        "line_number": 13,
        "is_secret": false
      },
      {
        "type": "Secret Keyword",
        "filename": ".devcontainer/docker-compose.yml",
        "hashed_secret": "2e314d619948ca44347367b60b4832f7cb8ca560",
        "is_verified": false,
        "line_number": 18,
        "is_secret": false
      }
    ],
    ".env.template": [
      {
        "type": "Secret Keyword",
        "filename": ".env.template",
        "hashed_secret": "cdb0e76c1a69873cbdcdbe0a142d56c023dc9f22",
        "is_verified": false,
        "line_number": 2,
        "is_secret": false
      },
      {
        "type": "Secret Keyword",
        "filename": ".env.template",
        "hashed_secret": "2e314d619948ca44347367b60b4832f7cb8ca560",
        "is_verified": false,
        "line_number": 8,
        "is_secret": false
      }
    ],
    ".github/workflows/ci-cd.yml": [
      {
        "type": "Secret Keyword",
        "filename": ".github/workflows/ci-cd.yml",
        "hashed_secret": "afc848c316af1a89d49826c5ae9d00ed769415f3",
        "is_verified": false,
        "line_number": 60,
        "is_secret": false
      },
      {
        "type": "Basic Auth Credentials",
        "filename": ".github/workflows/ci-cd.yml",
        "hashed_secret": "afc848c316af1a89d49826c5ae9d00ed769415f3",
        "is_verified": false,
        "line_number": 127,
        "is_secret": false
      },
      {
        "type": "Secret Keyword",
        "filename": ".github/workflows/ci-cd.yml",
        "hashed_secret": "cc8d4519cf1695487e4e8f05c20d00bd299de326",
        "is_verified": false,
        "line_number": 134,
        "is_secret": false
      }
    ],
    ".github/workflows/pr-check.yml": [
      {
        "type": "Secret Keyword",
        "filename": ".github/workflows/pr-check.yml",
        "hashed_secret": "afc848c316af1a89d49826c5ae9d00ed769415f3",
        "is_verified": false,
        "line_number": 29,
        "is_secret": false
      },
      {
        "type": "Basic Auth Credentials",
        "filename": ".github/workflows/pr-check.yml",
        "hashed_secret": "afc848c316af1a89d49826c5ae9d00ed769415f3",
        "is_verified": false,
        "line_number": 84,
        "is_secret": false
      },
      {
        "type": "Secret Keyword",
        "filename": ".github/workflows/pr-check.yml",
        "hashed_secret": "cc8d4519cf1695487e4e8f05c20d00bd299de326",
        "is_verified": false,
        "line_number": 91,
        "is_secret": false
      }
    ],
    "AGENTS.md": [
      {
        "type": "Basic Auth Credentials",
        "filename": "AGENTS.md",
        "hashed_secret": "2e314d619948ca44347367b60b4832f7cb8ca560",
        "is_verified": false,
        "line_number": 125,
        "is_secret": false
      }
    ],
    "README.md": [
      {
        "type": "Basic Auth Credentials",
        "filename": "README.md",
        "hashed_secret": "5baa61e4c9b93f3f0682250b6cf8331b7ee68fd8",
        "is_verified": false,
        "line_number": 213,
        "is_secret": false
      }
    ],
    "docker/.env": [
      {
        "type": "Basic Auth Credentials",
        "filename": "docker/.env",
        "hashed_secret": "2e314d619948ca44347367b60b4832f7cb8ca560",
        "is_verified": false,
        "line_number": 11,
        "is_secret": false
      }
    ],
    "web/events/test_migrations.py": [
      {
        "type": "Secret Keyword",
        "filename": "web/events/test_migrations.py",
        "hashed_secret": "a94a8fe5ccb19ba61c4c0873d391e987982fbbd3",
        "is_verified": false,
        "line_number": 29,
        "is_secret": false
      }
    ],
    "web/events/tests.py": [
      {
        "type": "Secret Keyword",
        "filename": "web/events/tests.py",
        "hashed_secret": "a94a8fe5ccb19ba61c4c0873d391e987982fbbd3",
        "is_verified": false,
        "line_number": 130,
        "is_secret": false
      },
      {
        "type": "Secret Keyword",
        "filename": "web/events/tests.py",
        "hashed_secret": "1c58bd92003bbaa0538e249fff6ee19a270dec5f",
        "is_verified": false,
        "line_number": 157,
        "is_secret": false
      },
      {
        "type": "Secret Keyword",
        "filename": "web/events/tests.py",
        "hashed_secret": "74108be62f9bf34de28a3814e283a882060641c7",
        "is_verified": false,
        "line_number": 216,
        "is_secret": false
      }
    ],
    "web/help/tests.py": [
      {
        "type": "Secret Keyword",
        "filename": "web/help/tests.py",
        "hashed_secret": "1c58bd92003bbaa0538e249fff6ee19a270dec5f",
        "is_verified": false,
        "line_number": 15,
        "is_secret": false
      },
      {
        "type": "Secret Keyword",
        "filename": "web/help/tests.py",
        "hashed_secret": "74108be62f9bf34de28a3814e283a882060641c7",
        "is_verified": false,
        "line_number": 20,
        "is_secret": false
      },
      {
        "type": "Secret Keyword",
        "filename": "web/help/tests.py",
        "hashed_secret": "661c9b0b21e467794b184ef6a77141959150ea9e",
        "is_verified": false,
        "line_number": 125,
        "is_secret": false
      }
    ],
    "web/notifications/test_pwa.py": [
      {
        "type": "Secret Keyword",
        "filename": "web/notifications/test_pwa.py",
        "hashed_secret": "1c58bd92003bbaa0538e249fff6ee19a270dec5f",
        "is_verified": false,
        "line_number": 60,
        "is_secret": false
      },
      {
        "type": "Secret Keyword",
        "filename": "web/notifications/test_pwa.py",
        "hashed_secret": "fa1f5a1e3909a82e9c04039d4e20cb11dd21e5e5",
        "is_verified": false,
        "line_number": 118,
        "is_secret": false
      }
    ],
    "web/notifications/tests.py": [
      {
        "type": "Secret Keyword",
        "filename": "web/notifications/tests.py",
        "hashed_secret": "1c58bd92003bbaa0538e249fff6ee19a270dec5f",
        "is_verified": false,
        "line_number": 19,
        "is_secret": false
      }
    ],
    "web/polls/management/commands/create_sample_polls.py": [
      {
        "type": "Secret Keyword",
        "filename": "web/polls/management/commands/create_sample_polls.py",
        "hashed_secret": "b2ba3c74657140499eb5a130b42a1648a0069467",
        "is_verified": false,
        "line_number": 110,
        "is_secret": false
      }
    ],
    "web/polls/tests.py": [
      {
        "type": "Secret Keyword",
        "filename": "web/polls/tests.py",
        "hashed_secret": "74108be62f9bf34de28a3814e283a882060641c7",
        "is_verified": false,
        "line_number": 21,
        "is_secret": false
      },
      {
        "type": "Secret Keyword",
        "filename": "web/polls/tests.py",
        "hashed_secret": "59f70150b7e439defcf48fa4bcc74dd16abfd65c",
        "is_verified": false,
        "line_number": 28,
        "is_secret": false
      }
    ],
    "web/rap_web/settings.py": [
      {
        "type": "Secret Keyword",
        "filename": "web/rap_web/settings.py",
        "hashed_secret": "9d55189a5816b3719d3642f4fbce9f137440298f",
        "is_verified": false,
        "line_number": 537,
        "is_secret": false
      }
    ],
    "web/rap_web/test_security_hardening.py": [
      {
        "type": "Secret Keyword",
        "filename": "web/rap_web/test_security_hardening.py",
        "hashed_secret": "33a5515fa99626c5a0532eb96cd19f0363c3602c",
        "is_verified": false,
        "line_number": 58,
        "is_secret": false
      }
    ],
    "web/rap_web/test_settings.py": [
      {
        "type": "Secret Keyword",
        "filename": "web/rap_web/test_settings.py",
        "hashed_secret": "b944007afe7170932633367f7f046f6838a0f46a",
        "is_verified": false,
        "line_number": 49,
        "is_secret": false
      }
    ],
    "web/users/tests.py": [
      {
        "type": "Secret Keyword",
        "filename": "web/users/tests.py",
        "hashed_secret": "1c58bd92003bbaa0538e249fff6ee19a270dec5f",
        "is_verified": false,
        "line_number": 23,
        "is_secret": false
      },
      {
        "type": "Secret Keyword",
        "filename": "web/users/tests.py",
        "hashed_secret": "74108be62f9bf34de28a3814e283a882060641c7",
        "is_verified": false,
        "line_number": 30,
        "is_secret": false
      },
      {
        "type": "Secret Keyword",
        "filename": "web/users/tests.py",
        "hashed_secret": "d8ecf7db8fc9ec9c31bc5c9ae2929cc599c75f8d",
        "is_verified": false,
        "line_number": 48,
        "is_secret": false
      },
      {
        "type": "Secret Keyword",
        "filename": "web/users/tests.py",
        "hashed_secret": "759521118cabf4f8bbc46e6d6344d0e700aa4be5",
        "is_verified": false,
        "line_number": 212,
        "is_secret": false
      },
      {
        "type": "Secret Keyword",
        "filename": "web/users/tests.py",
        "hashed_secret": "047cf3f478f0c06bc513f5a0042f73553409e688",
        "is_verified": false,
        "line_number": 364,
        "is_secret": false
      },
      {
        "type": "Secret Keyword",
        "filename": "web/users/tests.py",
        "hashed_secret": "94dc43075d10c24172ee8d3a0f41a5a09db49950",
        "is_verified": false,
        "line_number": 370,
        "is_secret": false
      }
    ]
  },
  "generated_at": "2026-09-06T21:06:39Z"
}
